powershell : Traceback (most recent call last):
No linha:1 caractere:1
+ powershell -Command python test_import.py > 
test_output.txt 2>&1
+ ~~~~~~~~~~~~~~~~~~~~~~~~~~~~~~~~~~~~~~~~~~~~~~~~~~
~~~~~~~~~~~~~~
    + CategoryInfo          : NotSpecified: (Traceb 
   ack (most recent call last)::String) [], Remote  
  Exception
    + FullyQualifiedErrorId : NativeCommandError
 
  File "C:\Users\paran\OneDrive\┴rea de 
Trabalho\hackton\backend\test_import.py", line 1, 
in <module>
    from config.app import Settings
  File "C:\Users\paran\OneDrive\┴rea de 
Trabalho\hackton\backend\config\__init__.py", line 
1, in <module>
    from .firebase import db, firebase_auth, 
bucket, pyrebase_auth, pyrebase_storage, 
pyrebase_db, firebase_config
  File "C:\Users\paran\OneDrive\┴rea de 
Trabalho\hackton\backend\config\firebase.py", line 
3, in <module>
    import pyrebase
ModuleNotFoundError: No module named 'pyrebase'
